../Core/Src/main.c:80:5:main	40	static
../Core/Src/main.c:152:6:SystemClock_Config	88	static
../Core/Src/main.c:197:6:PeriphCommonClock_Config	32	static
../Core/Src/main.c:218:13:MX_I2C1_Init	8	static
../Core/Src/main.c:252:13:MX_I2S2_Init	8	static
../Core/Src/main.c:286:13:MX_I2S3_Init	8	static
../Core/Src/main.c:320:13:MX_SPI1_Init	8	static
../Core/Src/main.c:358:13:MX_USART1_UART_Init	8	static
../Core/Src/main.c:391:13:MX_USART2_UART_Init	8	static
../Core/Src/main.c:424:13:MX_GPIO_Init	56	static
../Core/Src/main.c:533:6:Error_Handler	4	static,ignoring_inline_asm
