15:24:17 **** Incremental Build of configuration Debug for project potentiometer ****
make -j16 all 
arm-none-eabi-gcc "../Core/Src/main.c" -mcpu=cortex-m4 -std=gnu11 -g3 -DDEBUG -DUSE_HAL_DRIVER -DSTM32F411xE -c -I../USB_HOST/App -I../USB_HOST/Target -I../Core/Inc -I../Drivers/STM32F4xx_HAL_Driver/Inc -I../Drivers/STM32F4xx_HAL_Driver/Inc/Legacy -I../Middlewares/ST/STM32_USB_Host_Library/Core/Inc -I../Middlewares/ST/STM32_USB_Host_Library/Class/CDC/Inc -I../Drivers/CMSIS/Device/ST/STM32F4xx/Include -I../Drivers/CMSIS/Include -O0 -ffunction-sections -fdata-sections -Wall -fstack-usage -fcyclomatic-complexity -MMD -MP -MF"Core/Src/main.d" -MT"Core/Src/main.o" --specs=nano.specs -mfpu=fpv4-sp-d16 -mfloat-abi=hard -mthumb -o "Core/Src/main.o"
arm-none-eabi-gcc -o "potentiometer.elf" @"objects.list"   -mcpu=cortex-m4 -T"C:\Users\abdur\STM32CubeIDE\workspace_1.19.0\potentiometer\STM32F411VETX_FLASH.ld" --specs=nosys.specs -Wl,-Map="potentiometer.map" -Wl,--gc-sections -static --specs=nano.specs -mfpu=fpv4-sp-d16 -mfloat-abi=hard -mthumb -Wl,--start-group -lc -lm -Wl,--end-group
Finished building target: potentiometer.elf
 
arm-none-eabi-size  potentiometer.elf 
arm-none-eabi-objdump -h -S potentiometer.elf  > "potentiometer.list"
   text	   data	    bss	    dec	    hex	filename
  46732	    124	   4356	  51212	   c80c	potentiometer.elf
Finished building: default.size.stdout
 
Finished building: potentiometer.list
 

15:24:18 Build Finished. 0 errors, 0 warnings. (took 863ms)

